import processing.core.*;
import processing.data.*;
import processing.event.*;
import processing.opengl.*;

import java.util.HashMap;
import java.util.ArrayList;
import java.io.File;
import java.io.BufferedReader;
import java.io.PrintWriter;
import java.io.InputStream;
import java.io.OutputStream;
import java.io.IOException;

public class specialmethodsprivate extends PApplet {

public void setup() {
    /* commented out by preprocessor: size(100, 100) */;
}

public void draw() {
    ellipse(50, 50, 10, 10);
}

class Test {
    private void draw() {}
}


    public void settings() { size(100,100); }

    static public void main(String[] passedArgs) {
        String[] appletArgs = new String[] { "specialmethodsprivate" };
        if (passedArgs != null) {
            PApplet.main(concat(appletArgs, passedArgs));
        } else {
            PApplet.main(appletArgs);
        }
    }
}